12-31 03:34:15.909 25632 25653 I TestRunner: started: vertical_scrolling(com.example.dogglers.VerticalListTests)
12-31 03:34:15.920 25632 25653 W Settings: Setting always_finish_activities has moved from android.provider.Settings.System to android.provider.Settings.Global, returning read-only value.
12-31 03:34:15.996   835   887 D SplashScreenView: Build android.window.SplashScreenView{9e3e9fb V.E...... ......ID 0,0-0,0}
12-31 03:34:15.996   835   887 D SplashScreenView: Icon: view: null drawable: null size: 0
12-31 03:34:15.996   835   887 D SplashScreenView: Branding: view: android.view.View{a774a18 G.ED..... ......I. 0,0-0,0 #10204ef android:id/splashscreen_branding_view} drawable: null size w: 0 h: 0
12-31 03:34:16.065   423   423 I BpBinder: onLastStrongRef automatically unlinking death recipients:
12-31 03:34:16.126 25632 25632 D LifecycleMonitor: Lifecycle status change: androidx.test.core.app.InstrumentationActivityInvoker$BootstrapActivity@909ce88 in: PRE_ON_CREATE
12-31 03:34:16.127 25632 25632 V ActivityScenario: Activity lifecycle changed event received but ignored because the intent does not match. startActivityIntent=Intent { act=android.intent.action.MAIN cat=[android.intent.category.LAUNCHER] cmp=com.example.dogglers/.VerticalListActivity }, activity.getIntent()=Intent { act=android.intent.action.MAIN cat=[android.intent.category.LAUNCHER] flg=0x10008000 cmp=com.example.dogglers/androidx.test.core.app.InstrumentationActivityInvoker$BootstrapActivity (has extras) }, activity=androidx.test.core.app.InstrumentationActivityInvoker$BootstrapActivity@909ce88
12-31 03:34:16.149 25632 25632 D LifecycleMonitor: Lifecycle status change: androidx.test.core.app.InstrumentationActivityInvoker$BootstrapActivity@909ce88 in: CREATED
12-31 03:34:16.152 25632 25632 V ActivityScenario: Activity lifecycle changed event received but ignored because the intent does not match. startActivityIntent=Intent { act=android.intent.action.MAIN cat=[android.intent.category.LAUNCHER] cmp=com.example.dogglers/.VerticalListActivity }, activity.getIntent()=Intent { act=android.intent.action.MAIN cat=[android.intent.category.LAUNCHER] flg=0x10008000 cmp=com.example.dogglers/androidx.test.core.app.InstrumentationActivityInvoker$BootstrapActivity (has extras) }, activity=androidx.test.core.app.InstrumentationActivityInvoker$BootstrapActivity@909ce88
12-31 03:34:16.169 25632 25632 D LifecycleMonitor: Lifecycle status change: androidx.test.core.app.InstrumentationActivityInvoker$BootstrapActivity@909ce88 in: STARTED
12-31 03:34:16.170 25632 25632 V ActivityScenario: Activity lifecycle changed event received but ignored because the intent does not match. startActivityIntent=Intent { act=android.intent.action.MAIN cat=[android.intent.category.LAUNCHER] cmp=com.example.dogglers/.VerticalListActivity }, activity.getIntent()=Intent { act=android.intent.action.MAIN cat=[android.intent.category.LAUNCHER] flg=0x10008000 cmp=com.example.dogglers/androidx.test.core.app.InstrumentationActivityInvoker$BootstrapActivity (has extras) }, activity=androidx.test.core.app.InstrumentationActivityInvoker$BootstrapActivity@909ce88
12-31 03:34:16.188   835   912 E OpenGLRenderer: Unable to match the desired swap behavior.
12-31 03:34:16.253  1643  1643 I GsaVoiceInteractionSrv: Handling ACTION_STOP_HOTWORD
12-31 03:34:16.255  1643  2265 E HwDetectorWithState: a: 3
12-31 03:34:16.279 25632 25632 D LifecycleMonitor: Lifecycle status change: androidx.test.core.app.InstrumentationActivityInvoker$BootstrapActivity@909ce88 in: RESUMED
12-31 03:34:16.280 25632 25632 V ActivityScenario: Activity lifecycle changed event received but ignored because the intent does not match. startActivityIntent=Intent { act=android.intent.action.MAIN cat=[android.intent.category.LAUNCHER] cmp=com.example.dogglers/.VerticalListActivity }, activity.getIntent()=Intent { act=android.intent.action.MAIN cat=[android.intent.category.LAUNCHER] flg=0x10008000 cmp=com.example.dogglers/androidx.test.core.app.InstrumentationActivityInvoker$BootstrapActivity (has extras) }, activity=androidx.test.core.app.InstrumentationActivityInvoker$BootstrapActivity@909ce88
12-31 03:34:16.304 25632 25632 D LifecycleMonitor: Lifecycle status change: androidx.test.core.app.InstrumentationActivityInvoker$BootstrapActivity@909ce88 in: PAUSED
12-31 03:34:16.305 25632 25632 V ActivityScenario: Activity lifecycle changed event received but ignored because the intent does not match. startActivityIntent=Intent { act=android.intent.action.MAIN cat=[android.intent.category.LAUNCHER] cmp=com.example.dogglers/.VerticalListActivity }, activity.getIntent()=Intent { act=android.intent.action.MAIN cat=[android.intent.category.LAUNCHER] flg=0x10008000 cmp=com.example.dogglers/androidx.test.core.app.InstrumentationActivityInvoker$BootstrapActivity (has extras) }, activity=androidx.test.core.app.InstrumentationActivityInvoker$BootstrapActivity@909ce88
12-31 03:34:16.388 25632 25632 D LifecycleMonitor: Lifecycle status change: com.example.dogglers.VerticalListActivity@fcfee1e in: PRE_ON_CREATE
12-31 03:34:16.389 25632 25632 V ActivityScenario: Activity lifecycle changed event received but ignored because the reported transition was not ON_CREATE while the last known transition was PRE_ON_CREATE
12-31 03:34:16.389  1137  1137 D AutofillManager: view is not autofillable - activity denied for autofill
12-31 03:34:16.432 25632 25632 D LifecycleMonitor: Lifecycle status change: com.example.dogglers.VerticalListActivity@fcfee1e in: CREATED
12-31 03:34:16.432 25632 25632 V ActivityScenario: Update currentActivityStage to CREATED, currentActivity=com.example.dogglers.VerticalListActivity@fcfee1e
12-31 03:34:16.435 25632 25632 D LifecycleMonitor: Lifecycle status change: com.example.dogglers.VerticalListActivity@fcfee1e in: STARTED
12-31 03:34:16.436 25632 25632 V ActivityScenario: Update currentActivityStage to STARTED, currentActivity=com.example.dogglers.VerticalListActivity@fcfee1e
12-31 03:34:16.456 25632 25632 D LifecycleMonitor: Lifecycle status change: com.example.dogglers.VerticalListActivity@fcfee1e in: RESUMED
12-31 03:34:16.457 25632 25632 V ActivityScenario: Update currentActivityStage to RESUMED, currentActivity=com.example.dogglers.VerticalListActivity@fcfee1e
12-31 03:34:16.580 25632 25655 E OpenGLRenderer: Unable to match the desired swap behavior.
12-31 03:34:16.676   597   627 W ziparchive: Unable to open '/data/app/~~G7p27EQG77stpW1ABiv-MA==/com.example.dogglers-aSMWeCKNFzASRd8PDBBBBw==/base.dm': No such file or directory
12-31 03:34:16.687   597   627 I ActivityTaskManager: Displayed com.example.dogglers/.VerticalListActivity for user 0: +715ms
12-31 03:34:16.711   597   945 I ImeTracker: com.example.dogglers:ed826caf: onRequestHide at ORIGIN_SERVER_HIDE_INPUT reason HIDE_UNSPECIFIED_WINDOW
12-31 03:34:16.712   597   945 I ImeTracker: com.example.dogglers:ed826caf: onCancelled at PHASE_SERVER_SHOULD_HIDE
12-31 03:34:16.718  1417  1417 I GoogleInputMethodService: GoogleInputMethodService.onFinishInput():3227
12-31 03:34:16.720  1417  1417 I GoogleInputMethodService: GoogleInputMethodService.updateDeviceLockedStatus():2087 repeatCheckTimes = 0, unlocked = true
12-31 03:34:16.720  1417  1417 I GoogleInputMethodService: GoogleInputMethodService.onStartInput():1877 onStartInput(EditorInfo{inputType=0x0(NULL) imeOptions=0x0 privateImeOptions=null actionName=UNSPECIFIED actionLabel=null actionId=0 initialSelStart=-1 initialSelEnd=-1 initialCapsMode=0x0 hintText=null label=null packageName=com.example.dogglers fieldId=0 fieldName=null extras=null}, false)
12-31 03:34:16.720  1417  1417 I GoogleInputMethodService: GoogleInputMethodService.shouldHideHeaderOnInitialState():4008 ShouldHideHeaderOnInitialState = false
12-31 03:34:16.721  1417  1417 I GoogleInputMethodService: GoogleInputMethodService.updateDeviceLockedStatus():2087 repeatCheckTimes = 2, unlocked = true
12-31 03:34:16.753 25632 25632 I ViewInteraction: Performing 'fast swipe' action on view view.getId() is <2131231206/com.example.dogglers:id/vertical_recycler_view>
12-31 03:34:16.755   835   885 W WindowOnBackDispatcher: sendCancelIfRunning: isInProgress=falsecallback=android.view.ViewRootImpl$$ExternalSyntheticLambda17@ef455e2
12-31 03:34:16.774   597  2033 W InputManager-JNI: Input channel object '55c394b Splash Screen com.example.dogglers (client)' was disposed without first being removed with the input manager!
12-31 03:34:16.793   597   709 D InputDispatcher: Conflicting pointer actions: Down received while already down or hovering.
12-31 03:34:16.799  1137  1137 D TaplEvents: TIS / TouchInteractionService.onInputEvent: MotionEvent { action=ACTION_CANCEL, actionButton=0, id[0]=0, x[0]=989.36035, y[0]=1149.0, toolType[0]=TOOL_TYPE_UNKNOWN, buttonState=0, classification=NONE, metaState=0, flags=0x20, edgeFlags=0x0, pointerCount=1, historySize=0, eventTime=6830489, downTime=6804504, deviceId=-1, source=0x1002, displayId=0, eventId=1990526835 }
12-31 03:34:16.802   597   709 I InputDispatcher: Dropping event because a pointer for device -1 is already down in display 0: MotionEvent(deviceId=-1, eventTime=6830488000000, source=0x00000002, displayId=0, action=MOVE, actionButton=0x00000000, flags=0x00000000, metaState=0x00000000, buttonState=0x00000000, classification=NONE, edgeFlags=0x00000000, xPrecision=1.0, yPrecision=1.0, xCursorPosition=nan, yCursorPosition=nan, pointers=[0: (539.5, 1796.2)]), policyFlags=0x6b000000
12-31 03:34:16.803   597   709 W InputDispatcher: Asynchronous input event injection failed.
12-31 03:34:16.803  1137  1137 D TaplEvents: TIS / TouchInteractionService.onInputEvent: MotionEvent { action=ACTION_DOWN, actionButton=0, id[0]=0, x[0]=539.5, y[0]=1941.2998, toolType[0]=TOOL_TYPE_UNKNOWN, buttonState=BUTTON_PRIMARY, classification=NONE, metaState=0, flags=0x0, edgeFlags=0x0, pointerCount=1, historySize=0, eventTime=6830473, downTime=6830473, deviceId=-1, source=0x1002, displayId=0, eventId=-802643560 }
12-31 03:34:16.806   597   709 I InputDispatcher: Dropping event because a pointer for device -1 is already down in display 0: MotionEvent(deviceId=-1, eventTime=6830503000000, source=0x00000002, displayId=0, action=MOVE, actionButton=0x00000000, flags=0x00000000, metaState=0x00000000, buttonState=0x00000000, classification=NONE, edgeFlags=0x00000000, xPrecision=1.0, yPrecision=1.0, xCursorPosition=nan, yCursorPosition=nan, pointers=[0: (539.5, 1651.1)]), policyFlags=0x6b000000
12-31 03:34:16.806   597   709 W InputDispatcher: Asynchronous input event injection failed.
12-31 03:34:16.832  1137  2056 D OneSearchSuggestProvider: Shut down the binder channel
12-31 03:34:16.847 25632 25632 D LifecycleMonitor: Lifecycle status change: androidx.test.core.app.InstrumentationActivityInvoker$BootstrapActivity@909ce88 in: STOPPED
12-31 03:34:16.848  1137  1164 I IPCThreadState: oneway function results for code 2 on binder at 0x776cde17dff0 will be dropped but finished with status UNKNOWN_TRANSACTION
12-31 03:34:16.850 25632 25632 V ActivityScenario: Activity lifecycle changed event received but ignored because the intent does not match. startActivityIntent=Intent { act=android.intent.action.MAIN cat=[android.intent.category.LAUNCHER] cmp=com.example.dogglers/.VerticalListActivity }, activity.getIntent()=Intent { act=android.intent.action.MAIN cat=[android.intent.category.LAUNCHER] flg=0x10008000 cmp=com.example.dogglers/androidx.test.core.app.InstrumentationActivityInvoker$BootstrapActivity (has extras) }, activity=androidx.test.core.app.InstrumentationActivityInvoker$BootstrapActivity@909ce88
12-31 03:34:16.855   597   709 I InputDispatcher: Dropping event because a pointer for device -1 is already down in display 0: MotionEvent(deviceId=-1, eventTime=6830518000000, source=0x00000002, displayId=0, action=MOVE, actionButton=0x00000000, flags=0x00000000, metaState=0x00000000, buttonState=0x00000000, classification=NONE, edgeFlags=0x00000000, xPrecision=1.0, yPrecision=1.0, xCursorPosition=nan, yCursorPosition=nan, pointers=[0: (539.5, 1506.0)]), policyFlags=0x6b000000
12-31 03:34:16.855   597   709 W InputDispatcher: Asynchronous input event injection failed.
12-31 03:34:16.858   597   709 I InputDispatcher: Dropping event because a pointer for device -1 is already down in display 0: MotionEvent(deviceId=-1, eventTime=6830533000000, source=0x00000002, displayId=0, action=MOVE, actionButton=0x00000000, flags=0x00000000, metaState=0x00000000, buttonState=0x00000000, classification=NONE, edgeFlags=0x00000000, xPrecision=1.0, yPrecision=1.0, xCursorPosition=nan, yCursorPosition=nan, pointers=[0: (539.5, 1360.9)]), policyFlags=0x6b000000
12-31 03:34:16.858   597   709 W InputDispatcher: Asynchronous input event injection failed.
12-31 03:34:16.860   597   709 I InputDispatcher: Dropping event because a pointer for device -1 is already down in display 0: MotionEvent(deviceId=-1, eventTime=6830548000000, source=0x00000002, displayId=0, action=MOVE, actionButton=0x00000000, flags=0x00000000, metaState=0x00000000, buttonState=0x00000000, classification=NONE, edgeFlags=0x00000000, xPrecision=1.0, yPrecision=1.0, xCursorPosition=nan, yCursorPosition=nan, pointers=[0: (539.5, 1215.8)]), policyFlags=0x6b000000
12-31 03:34:16.860  1137  1219 I ImeTracker: com.google.android.apps.nexuslauncher:781e00d7: onRequestHide at ORIGIN_CLIENT_HIDE_SOFT_INPUT reason HIDE_SOFT_INPUT
12-31 03:34:16.860   597   709 W InputDispatcher: Asynchronous input event injection failed.
12-31 03:34:16.860  1137  1219 I ImeTracker: com.google.android.apps.nexuslauncher:781e00d7: onFailed at PHASE_CLIENT_VIEW_SERVED
12-31 03:34:16.861   597   709 I InputDispatcher: Dropping event because a pointer for device -1 is already down in display 0: MotionEvent(deviceId=-1, eventTime=6830563000000, source=0x00000002, displayId=0, action=MOVE, actionButton=0x00000000, flags=0x00000000, metaState=0x00000000, buttonState=0x00000000, classification=NONE, edgeFlags=0x00000000, xPrecision=1.0, yPrecision=1.0, xCursorPosition=nan, yCursorPosition=nan, pointers=[0: (539.5, 1070.7)]), policyFlags=0x6b000000
12-31 03:34:16.861   597   709 W InputDispatcher: Asynchronous input event injection failed.
12-31 03:34:16.888   597   709 I InputDispatcher: Dropping event because a pointer for device -1 is already down in display 0: MotionEvent(deviceId=-1, eventTime=6830578000000, source=0x00000002, displayId=0, action=MOVE, actionButton=0x00000000, flags=0x00000000, metaState=0x00000000, buttonState=0x00000000, classification=NONE, edgeFlags=0x00000000, xPrecision=1.0, yPrecision=1.0, xCursorPosition=nan, yCursorPosition=nan, pointers=[0: (539.5, 925.5)]), policyFlags=0x6b000000
12-31 03:34:16.888   597   709 W InputDispatcher: Asynchronous input event injection failed.
12-31 03:34:16.912   597   709 I InputDispatcher: Dropping event because a pointer for device -1 is already down in display 0: MotionEvent(deviceId=-1, eventTime=6830593000000, source=0x00000002, displayId=0, action=MOVE, actionButton=0x00000000, flags=0x00000000, metaState=0x00000000, buttonState=0x00000000, classification=NONE, edgeFlags=0x00000000, xPrecision=1.0, yPrecision=1.0, xCursorPosition=nan, yCursorPosition=nan, pointers=[0: (539.5, 780.4)]), policyFlags=0x6b000000
12-31 03:34:16.912   597   709 W InputDispatcher: Asynchronous input event injection failed.
12-31 03:34:16.919   597   709 I InputDispatcher: Dropping event because a pointer for device -1 is already down in display 0: MotionEvent(deviceId=-1, eventTime=6830608000000, source=0x00000002, displayId=0, action=MOVE, actionButton=0x00000000, flags=0x00000000, metaState=0x00000000, buttonState=0x00000000, classification=NONE, edgeFlags=0x00000000, xPrecision=1.0, yPrecision=1.0, xCursorPosition=nan, yCursorPosition=nan, pointers=[0: (539.5, 635.3)]), policyFlags=0x6b000000
12-31 03:34:16.920   597   709 W InputDispatcher: Asynchronous input event injection failed.
12-31 03:34:16.920   597   709 I InputDispatcher: Dropping event because a pointer for device -1 is already down in display 0: MotionEvent(deviceId=-1, eventTime=6830623000000, source=0x00000002, displayId=0, action=MOVE, actionButton=0x00000000, flags=0x00000000, metaState=0x00000000, buttonState=0x00000000, classification=NONE, edgeFlags=0x00000000, xPrecision=1.0, yPrecision=1.0, xCursorPosition=nan, yCursorPosition=nan, pointers=[0: (539.5, 490.2)]), policyFlags=0x6b000000
12-31 03:34:16.921   597   709 W InputDispatcher: Asynchronous input event injection failed.
12-31 03:34:16.939   835   835 D StatusBarIconController: ignoring old pipeline callback because the new wifi icon is enabled
12-31 03:34:16.947   597   709 I InputDispatcher: Dropping event because a pointer for device -1 is already down in display 0: MotionEvent(deviceId=-1, eventTime=6830638000000, source=0x00000002, displayId=0, action=UP, actionButton=0x00000000, flags=0x00000000, metaState=0x00000000, buttonState=0x00000000, classification=NONE, edgeFlags=0x00000000, xPrecision=1.0, yPrecision=1.0, xCursorPosition=nan, yCursorPosition=nan, pointers=[0: (539.5, 200.0)]), policyFlags=0x6b000000
12-31 03:34:17.029 25632 25632 D LifecycleMonitor: Lifecycle status change: com.example.dogglers.VerticalListActivity@fcfee1e in: PAUSED
12-31 03:34:17.029 25632 25632 V ActivityScenario: Update currentActivityStage to PAUSED, currentActivity=com.example.dogglers.VerticalListActivity@fcfee1e
12-31 03:34:17.082   423   423 I BpBinder: onLastStrongRef automatically unlinking death recipients:
12-31 03:34:17.086 25632 25632 D LifecycleMonitor: Lifecycle status change: androidx.test.core.app.InstrumentationActivityInvoker$EmptyActivity@f8fc8c1 in: PRE_ON_CREATE
12-31 03:34:17.088 25632 25632 V ActivityScenario: Activity lifecycle changed event received but ignored because the intent does not match. startActivityIntent=Intent { act=android.intent.action.MAIN cat=[android.intent.category.LAUNCHER] cmp=com.example.dogglers/.VerticalListActivity }, activity.getIntent()=Intent { act=android.intent.action.MAIN cat=[android.intent.category.LAUNCHER] flg=0x10000000 cmp=com.example.dogglers/androidx.test.core.app.InstrumentationActivityInvoker$EmptyActivity }, activity=androidx.test.core.app.InstrumentationActivityInvoker$EmptyActivity@f8fc8c1
12-31 03:34:17.101 25632 25632 D LifecycleMonitor: Lifecycle status change: androidx.test.core.app.InstrumentationActivityInvoker$EmptyActivity@f8fc8c1 in: CREATED
12-31 03:34:17.103 25632 25632 V ActivityScenario: Activity lifecycle changed event received but ignored because the intent does not match. startActivityIntent=Intent { act=android.intent.action.MAIN cat=[android.intent.category.LAUNCHER] cmp=com.example.dogglers/.VerticalListActivity }, activity.getIntent()=Intent { act=android.intent.action.MAIN cat=[android.intent.category.LAUNCHER] flg=0x10000000 cmp=com.example.dogglers/androidx.test.core.app.InstrumentationActivityInvoker$EmptyActivity }, activity=androidx.test.core.app.InstrumentationActivityInvoker$EmptyActivity@f8fc8c1
12-31 03:34:17.107 25632 25632 D LifecycleMonitor: Lifecycle status change: androidx.test.core.app.InstrumentationActivityInvoker$EmptyActivity@f8fc8c1 in: STARTED
12-31 03:34:17.107 25632 25632 V ActivityScenario: Activity lifecycle changed event received but ignored because the intent does not match. startActivityIntent=Intent { act=android.intent.action.MAIN cat=[android.intent.category.LAUNCHER] cmp=com.example.dogglers/.VerticalListActivity }, activity.getIntent()=Intent { act=android.intent.action.MAIN cat=[android.intent.category.LAUNCHER] flg=0x10000000 cmp=com.example.dogglers/androidx.test.core.app.InstrumentationActivityInvoker$EmptyActivity }, activity=androidx.test.core.app.InstrumentationActivityInvoker$EmptyActivity@f8fc8c1
12-31 03:34:17.112 25632 25632 D LifecycleMonitor: Lifecycle status change: androidx.test.core.app.InstrumentationActivityInvoker$EmptyActivity@f8fc8c1 in: RESUMED
12-31 03:34:17.114 25632 25632 V ActivityScenario: Activity lifecycle changed event received but ignored because the intent does not match. startActivityIntent=Intent { act=android.intent.action.MAIN cat=[android.intent.category.LAUNCHER] cmp=com.example.dogglers/.VerticalListActivity }, activity.getIntent()=Intent { act=android.intent.action.MAIN cat=[android.intent.category.LAUNCHER] flg=0x10000000 cmp=com.example.dogglers/androidx.test.core.app.InstrumentationActivityInvoker$EmptyActivity }, activity=androidx.test.core.app.InstrumentationActivityInvoker$EmptyActivity@f8fc8c1
12-31 03:34:17.126   835   835 D StatusBarIconController: ignoring old pipeline callbacks, because the new mobile icons are enabled
12-31 03:34:17.153   835   912 D EGL_emulation: app_time_stats: avg=16953.13ms min=16953.13ms max=16953.13ms count=1
12-31 03:34:17.251 25632 25655 E OpenGLRenderer: Unable to match the desired swap behavior.
12-31 03:34:17.316   597   627 I ActivityTaskManager: Displayed com.example.dogglers/androidx.test.core.app.InstrumentationActivityInvoker$EmptyActivity for user 0: +291ms
12-31 03:34:17.356 25632 25632 D LifecycleMonitor: Lifecycle status change: com.example.dogglers.VerticalListActivity@fcfee1e in: STOPPED
12-31 03:34:17.358 25632 25632 V ActivityScenario: Update currentActivityStage to STOPPED, currentActivity=com.example.dogglers.VerticalListActivity@fcfee1e
12-31 03:34:17.360   423   423 I BpBinder: onLastStrongRef automatically unlinking death recipients:
12-31 03:34:17.375 25632 25632 D LifecycleMonitor: Lifecycle status change: com.example.dogglers.VerticalListActivity@fcfee1e in: DESTROYED
12-31 03:34:17.379 25632 25632 V ActivityScenario: Update currentActivityStage to DESTROYED, currentActivity=null
12-31 03:34:17.383 25632 25632 W WindowOnBackDispatcher: sendCancelIfRunning: isInProgress=falsecallback=android.view.ViewRootImpl$$ExternalSyntheticLambda17@aba7394
12-31 03:34:17.392   597  2269 W InputManager-JNI: Input channel object 'c62bc22 com.example.dogglers/com.example.dogglers.VerticalListActivity (client)' was disposed without first being removed with the input manager!
12-31 03:34:17.427 25632 25632 D LifecycleMonitor: Lifecycle status change: androidx.test.core.app.InstrumentationActivityInvoker$EmptyActivity@f8fc8c1 in: PAUSED
12-31 03:34:17.427 25632 25632 V ActivityScenario: Activity lifecycle changed event received but ignored because the intent does not match. startActivityIntent=Intent { act=android.intent.action.MAIN cat=[android.intent.category.LAUNCHER] cmp=com.example.dogglers/.VerticalListActivity }, activity.getIntent()=Intent { act=android.intent.action.MAIN cat=[android.intent.category.LAUNCHER] flg=0x10000000 cmp=com.example.dogglers/androidx.test.core.app.InstrumentationActivityInvoker$EmptyActivity }, activity=androidx.test.core.app.InstrumentationActivityInvoker$EmptyActivity@f8fc8c1
12-31 03:34:17.439   597   945 I ImeTracker: com.example.dogglers:122c884c: onRequestHide at ORIGIN_SERVER_HIDE_INPUT reason HIDE_UNSPECIFIED_WINDOW
12-31 03:34:17.440   597   945 I ImeTracker: com.example.dogglers:122c884c: onCancelled at PHASE_SERVER_SHOULD_HIDE
12-31 03:34:17.442  1417  1417 I GoogleInputMethodService: GoogleInputMethodService.onFinishInput():3227
12-31 03:34:17.443  1417  1417 I GoogleInputMethodService: GoogleInputMethodService.updateDeviceLockedStatus():2087 repeatCheckTimes = 0, unlocked = true
12-31 03:34:17.444  1417  1417 I GoogleInputMethodService: GoogleInputMethodService.onStartInput():1877 onStartInput(EditorInfo{inputType=0x0(NULL) imeOptions=0x0 privateImeOptions=null actionName=UNSPECIFIED actionLabel=null actionId=0 initialSelStart=-1 initialSelEnd=-1 initialCapsMode=0x0 hintText=null label=null packageName=com.example.dogglers fieldId=0 fieldName=null extras=null}, false)
12-31 03:34:17.444  1417  1417 I GoogleInputMethodService: GoogleInputMethodService.shouldHideHeaderOnInitialState():4008 ShouldHideHeaderOnInitialState = false
12-31 03:34:17.445  1417  1417 I GoogleInputMethodService: GoogleInputMethodService.updateDeviceLockedStatus():2087 repeatCheckTimes = 2, unlocked = true
12-31 03:34:17.445 25632 25632 D LifecycleMonitor: Lifecycle status change: androidx.test.core.app.InstrumentationActivityInvoker$BootstrapActivity@909ce88 in: DESTROYED
12-31 03:34:17.448 25632 25632 V ActivityScenario: Activity lifecycle changed event received but ignored because the intent does not match. startActivityIntent=Intent { act=android.intent.action.MAIN cat=[android.intent.category.LAUNCHER] cmp=com.example.dogglers/.VerticalListActivity }, activity.getIntent()=Intent { act=android.intent.action.MAIN cat=[android.intent.category.LAUNCHER] flg=0x10008000 cmp=com.example.dogglers/androidx.test.core.app.InstrumentationActivityInvoker$BootstrapActivity (has extras) }, activity=androidx.test.core.app.InstrumentationActivityInvoker$BootstrapActivity@909ce88
12-31 03:34:17.484 25632 25632 D LifecycleMonitor: Lifecycle status change: androidx.test.core.app.InstrumentationActivityInvoker$EmptyActivity@c76c716 in: PRE_ON_CREATE
12-31 03:34:17.490 25632 25632 V ActivityScenario: Activity lifecycle changed event received but ignored because the intent does not match. startActivityIntent=Intent { act=android.intent.action.MAIN cat=[android.intent.category.LAUNCHER] cmp=com.example.dogglers/.VerticalListActivity }, activity.getIntent()=Intent { act=android.intent.action.MAIN cat=[android.intent.category.LAUNCHER] flg=0x10000000 cmp=com.example.dogglers/androidx.test.core.app.InstrumentationActivityInvoker$EmptyActivity }, activity=androidx.test.core.app.InstrumentationActivityInvoker$EmptyActivity@c76c716
12-31 03:34:17.503 25632 25632 D LifecycleMonitor: Lifecycle status change: androidx.test.core.app.InstrumentationActivityInvoker$EmptyActivity@c76c716 in: CREATED
12-31 03:34:17.504 25632 25632 V ActivityScenario: Activity lifecycle changed event received but ignored because the intent does not match. startActivityIntent=Intent { act=android.intent.action.MAIN cat=[android.intent.category.LAUNCHER] cmp=com.example.dogglers/.VerticalListActivity }, activity.getIntent()=Intent { act=android.intent.action.MAIN cat=[android.intent.category.LAUNCHER] flg=0x10000000 cmp=com.example.dogglers/androidx.test.core.app.InstrumentationActivityInvoker$EmptyActivity }, activity=androidx.test.core.app.InstrumentationActivityInvoker$EmptyActivity@c76c716
12-31 03:34:17.506 25632 25632 D LifecycleMonitor: Lifecycle status change: androidx.test.core.app.InstrumentationActivityInvoker$EmptyActivity@c76c716 in: STARTED
12-31 03:34:17.506 25632 25632 V ActivityScenario: Activity lifecycle changed event received but ignored because the intent does not match. startActivityIntent=Intent { act=android.intent.action.MAIN cat=[android.intent.category.LAUNCHER] cmp=com.example.dogglers/.VerticalListActivity }, activity.getIntent()=Intent { act=android.intent.action.MAIN cat=[android.intent.category.LAUNCHER] flg=0x10000000 cmp=com.example.dogglers/androidx.test.core.app.InstrumentationActivityInvoker$EmptyActivity }, activity=androidx.test.core.app.InstrumentationActivityInvoker$EmptyActivity@c76c716
12-31 03:34:17.510 25632 25632 D LifecycleMonitor: Lifecycle status change: androidx.test.core.app.InstrumentationActivityInvoker$EmptyActivity@c76c716 in: RESUMED
12-31 03:34:17.510 25632 25632 V ActivityScenario: Activity lifecycle changed event received but ignored because the intent does not match. startActivityIntent=Intent { act=android.intent.action.MAIN cat=[android.intent.category.LAUNCHER] cmp=com.example.dogglers/.VerticalListActivity }, activity.getIntent()=Intent { act=android.intent.action.MAIN cat=[android.intent.category.LAUNCHER] flg=0x10000000 cmp=com.example.dogglers/androidx.test.core.app.InstrumentationActivityInvoker$EmptyActivity }, activity=androidx.test.core.app.InstrumentationActivityInvoker$EmptyActivity@c76c716
12-31 03:34:17.589 25632 25655 E OpenGLRenderer: Unable to match the desired swap behavior.
12-31 03:34:17.638 21708 21758 D BtGatt.ScanManager: uid 10128 isForeground true scanMode -1
12-31 03:34:17.639 21708 21758 D BtGatt.ScanManager: uid 10128 isForeground true scanMode 1
12-31 03:34:17.639   597   627 I ActivityTaskManager: Displayed com.example.dogglers/androidx.test.core.app.InstrumentationActivityInvoker$EmptyActivity for user 0: +308ms
12-31 03:34:17.639 21708 21758 D BtGatt.ScanManager: uid 10128 isForeground true scanMode -1
12-31 03:34:17.711 25632 25632 D LifecycleMonitor: Lifecycle status change: androidx.test.core.app.InstrumentationActivityInvoker$EmptyActivity@f8fc8c1 in: STOPPED
12-31 03:34:17.712 25632 25632 V ActivityScenario: Activity lifecycle changed event received but ignored because the intent does not match. startActivityIntent=Intent { act=android.intent.action.MAIN cat=[android.intent.category.LAUNCHER] cmp=com.example.dogglers/.VerticalListActivity }, activity.getIntent()=Intent { act=android.intent.action.MAIN cat=[android.intent.category.LAUNCHER] flg=0x10000000 cmp=com.example.dogglers/androidx.test.core.app.InstrumentationActivityInvoker$EmptyActivity }, activity=androidx.test.core.app.InstrumentationActivityInvoker$EmptyActivity@f8fc8c1
12-31 03:34:17.716 25632 25632 D LifecycleMonitor: Lifecycle status change: androidx.test.core.app.InstrumentationActivityInvoker$EmptyActivity@f8fc8c1 in: DESTROYED
12-31 03:34:17.716 25632 25632 V ActivityScenario: Activity lifecycle changed event received but ignored because the intent does not match. startActivityIntent=Intent { act=android.intent.action.MAIN cat=[android.intent.category.LAUNCHER] cmp=com.example.dogglers/.VerticalListActivity }, activity.getIntent()=Intent { act=android.intent.action.MAIN cat=[android.intent.category.LAUNCHER] flg=0x10000000 cmp=com.example.dogglers/androidx.test.core.app.InstrumentationActivityInvoker$EmptyActivity }, activity=androidx.test.core.app.InstrumentationActivityInvoker$EmptyActivity@f8fc8c1
12-31 03:34:17.717 25632 25632 W WindowOnBackDispatcher: sendCancelIfRunning: isInProgress=falsecallback=android.view.ViewRootImpl$$ExternalSyntheticLambda17@fc4b4f2
12-31 03:34:17.722   597   945 W InputManager-JNI: Input channel object '5752cef com.example.dogglers/androidx.test.core.app.InstrumentationActivityInvoker$EmptyActivity (client)' was disposed without first being removed with the input manager!
12-31 03:34:17.725 25632 25632 D LifecycleMonitor: Lifecycle status change: androidx.test.core.app.InstrumentationActivityInvoker$EmptyActivity@c76c716 in: PAUSED
12-31 03:34:17.726 25632 25632 V ActivityScenario: Activity lifecycle changed event received but ignored because the intent does not match. startActivityIntent=Intent { act=android.intent.action.MAIN cat=[android.intent.category.LAUNCHER] cmp=com.example.dogglers/.VerticalListActivity }, activity.getIntent()=Intent { act=android.intent.action.MAIN cat=[android.intent.category.LAUNCHER] flg=0x10000000 cmp=com.example.dogglers/androidx.test.core.app.InstrumentationActivityInvoker$EmptyActivity }, activity=androidx.test.core.app.InstrumentationActivityInvoker$EmptyActivity@c76c716
12-31 03:34:17.732   423   423 I BpBinder: onLastStrongRef automatically unlinking death recipients:
12-31 03:34:17.737 25632 25653 I TestRunner: finished: vertical_scrolling(com.example.dogglers.VerticalListTests)
