12-31 03:34:13.557 25632 25653 I TestRunner: started: vertical_scroll_content_at_last_position(com.example.dogglers.VerticalListTests)
12-31 03:34:13.580 25632 25653 W Settings: Setting always_finish_activities has moved from android.provider.Settings.System to android.provider.Settings.Global, returning read-only value.
12-31 03:34:13.628   835   887 D SplashScreenView: Build android.window.SplashScreenView{a832e40 V.E...... ......ID 0,0-0,0}
12-31 03:34:13.628   835   887 D SplashScreenView: Icon: view: null drawable: null size: 0
12-31 03:34:13.628   835   887 D SplashScreenView: Branding: view: android.view.View{7726179 G.ED..... ......I. 0,0-0,0 #10204ef android:id/splashscreen_branding_view} drawable: null size w: 0 h: 0
12-31 03:34:13.687   423   423 I BpBinder: onLastStrongRef automatically unlinking death recipients:
12-31 03:34:13.723 25632 25632 D LifecycleMonitor: Lifecycle status change: androidx.test.core.app.InstrumentationActivityInvoker$BootstrapActivity@b8104db in: PRE_ON_CREATE
12-31 03:34:13.724 25632 25632 V ActivityScenario: Activity lifecycle changed event received but ignored because the intent does not match. startActivityIntent=Intent { act=android.intent.action.MAIN cat=[android.intent.category.LAUNCHER] cmp=com.example.dogglers/.VerticalListActivity }, activity.getIntent()=Intent { act=android.intent.action.MAIN cat=[android.intent.category.LAUNCHER] flg=0x10008000 cmp=com.example.dogglers/androidx.test.core.app.InstrumentationActivityInvoker$BootstrapActivity (has extras) }, activity=androidx.test.core.app.InstrumentationActivityInvoker$BootstrapActivity@b8104db
12-31 03:34:13.781  1643  1643 I GsaVoiceInteractionSrv: Handling ACTION_STOP_HOTWORD
12-31 03:34:13.800   835   912 E OpenGLRenderer: Unable to match the desired swap behavior.
12-31 03:34:13.806  1643  2266 E HwDetectorWithState: a: 3
12-31 03:34:13.831 25632 25632 D LifecycleMonitor: Lifecycle status change: androidx.test.core.app.InstrumentationActivityInvoker$BootstrapActivity@b8104db in: CREATED
12-31 03:34:13.831 25632 25632 V ActivityScenario: Activity lifecycle changed event received but ignored because the intent does not match. startActivityIntent=Intent { act=android.intent.action.MAIN cat=[android.intent.category.LAUNCHER] cmp=com.example.dogglers/.VerticalListActivity }, activity.getIntent()=Intent { act=android.intent.action.MAIN cat=[android.intent.category.LAUNCHER] flg=0x10008000 cmp=com.example.dogglers/androidx.test.core.app.InstrumentationActivityInvoker$BootstrapActivity (has extras) }, activity=androidx.test.core.app.InstrumentationActivityInvoker$BootstrapActivity@b8104db
12-31 03:34:13.864 25632 25632 D LifecycleMonitor: Lifecycle status change: androidx.test.core.app.InstrumentationActivityInvoker$BootstrapActivity@b8104db in: STARTED
12-31 03:34:13.880 25632 25632 V ActivityScenario: Activity lifecycle changed event received but ignored because the intent does not match. startActivityIntent=Intent { act=android.intent.action.MAIN cat=[android.intent.category.LAUNCHER] cmp=com.example.dogglers/.VerticalListActivity }, activity.getIntent()=Intent { act=android.intent.action.MAIN cat=[android.intent.category.LAUNCHER] flg=0x10008000 cmp=com.example.dogglers/androidx.test.core.app.InstrumentationActivityInvoker$BootstrapActivity (has extras) }, activity=androidx.test.core.app.InstrumentationActivityInvoker$BootstrapActivity@b8104db
12-31 03:34:13.911   597   749 E WifiStaIfaceAidlImpl: installApfPacketFilter failed with service-specific exception: android.os.ServiceSpecificException:  (code 4)
12-31 03:34:13.939   835   835 D StatusBarIconController: ignoring old pipeline callback because the new wifi icon is enabled
12-31 03:34:13.968 25632 25632 D LifecycleMonitor: Lifecycle status change: androidx.test.core.app.InstrumentationActivityInvoker$BootstrapActivity@b8104db in: RESUMED
12-31 03:34:13.969 25632 25632 V ActivityScenario: Activity lifecycle changed event received but ignored because the intent does not match. startActivityIntent=Intent { act=android.intent.action.MAIN cat=[android.intent.category.LAUNCHER] cmp=com.example.dogglers/.VerticalListActivity }, activity.getIntent()=Intent { act=android.intent.action.MAIN cat=[android.intent.category.LAUNCHER] flg=0x10008000 cmp=com.example.dogglers/androidx.test.core.app.InstrumentationActivityInvoker$BootstrapActivity (has extras) }, activity=androidx.test.core.app.InstrumentationActivityInvoker$BootstrapActivity@b8104db
12-31 03:34:13.993 25632 25632 D LifecycleMonitor: Lifecycle status change: androidx.test.core.app.InstrumentationActivityInvoker$BootstrapActivity@b8104db in: PAUSED
12-31 03:34:13.995 25632 25632 V ActivityScenario: Activity lifecycle changed event received but ignored because the intent does not match. startActivityIntent=Intent { act=android.intent.action.MAIN cat=[android.intent.category.LAUNCHER] cmp=com.example.dogglers/.VerticalListActivity }, activity.getIntent()=Intent { act=android.intent.action.MAIN cat=[android.intent.category.LAUNCHER] flg=0x10008000 cmp=com.example.dogglers/androidx.test.core.app.InstrumentationActivityInvoker$BootstrapActivity (has extras) }, activity=androidx.test.core.app.InstrumentationActivityInvoker$BootstrapActivity@b8104db
12-31 03:34:14.000  1137  1137 D AutofillManager: view is not autofillable - activity denied for autofill
12-31 03:34:14.085 25632 25632 D LifecycleMonitor: Lifecycle status change: com.example.dogglers.VerticalListActivity@5a27a89 in: PRE_ON_CREATE
12-31 03:34:14.087 25632 25632 V ActivityScenario: Activity lifecycle changed event received but ignored because the reported transition was not ON_CREATE while the last known transition was PRE_ON_CREATE
12-31 03:34:14.090  1137  2056 D OneSearchSuggestProvider: Shut down the binder channel
12-31 03:34:14.093  1137  3686 I IPCThreadState: oneway function results for code 2 on binder at 0x776cde188ca0 will be dropped but finished with status UNKNOWN_TRANSACTION
12-31 03:34:14.129  1137  1219 I ImeTracker: com.google.android.apps.nexuslauncher:4278ff47: onRequestHide at ORIGIN_CLIENT_HIDE_SOFT_INPUT reason HIDE_SOFT_INPUT
12-31 03:34:14.133   597  2027 I ImeTracker: com.google.android.apps.nexuslauncher:4278ff47: onCancelled at PHASE_SERVER_SHOULD_HIDE
12-31 03:34:14.200 25632 25632 D LifecycleMonitor: Lifecycle status change: com.example.dogglers.VerticalListActivity@5a27a89 in: CREATED
12-31 03:34:14.202 25632 25632 V ActivityScenario: Update currentActivityStage to CREATED, currentActivity=com.example.dogglers.VerticalListActivity@5a27a89
12-31 03:34:14.210 25632 25632 D LifecycleMonitor: Lifecycle status change: com.example.dogglers.VerticalListActivity@5a27a89 in: STARTED
12-31 03:34:14.212 25632 25632 V ActivityScenario: Update currentActivityStage to STARTED, currentActivity=com.example.dogglers.VerticalListActivity@5a27a89
12-31 03:34:14.236 25632 25632 D LifecycleMonitor: Lifecycle status change: com.example.dogglers.VerticalListActivity@5a27a89 in: RESUMED
12-31 03:34:14.239 25632 25632 V ActivityScenario: Update currentActivityStage to RESUMED, currentActivity=com.example.dogglers.VerticalListActivity@5a27a89
12-31 03:34:14.324 25632 25655 E OpenGLRenderer: Unable to match the desired swap behavior.
12-31 03:34:14.420   597   627 W ziparchive: Unable to open '/data/app/~~G7p27EQG77stpW1ABiv-MA==/com.example.dogglers-aSMWeCKNFzASRd8PDBBBBw==/base.dm': No such file or directory
12-31 03:34:14.431   597   627 I ActivityTaskManager: Displayed com.example.dogglers/.VerticalListActivity for user 0: +819ms
12-31 03:34:14.472   597  2027 I ImeTracker: com.example.dogglers:2ee52deb: onRequestHide at ORIGIN_SERVER_HIDE_INPUT reason HIDE_UNSPECIFIED_WINDOW
12-31 03:34:14.474   597  2027 I ImeTracker: com.example.dogglers:2ee52deb: onCancelled at PHASE_SERVER_SHOULD_HIDE
12-31 03:34:14.480   835   885 W WindowOnBackDispatcher: sendCancelIfRunning: isInProgress=falsecallback=android.view.ViewRootImpl$$ExternalSyntheticLambda17@e7c0a3b
12-31 03:34:14.495   597  2033 W InputManager-JNI: Input channel object '91a58c Splash Screen com.example.dogglers (client)' was disposed without first being removed with the input manager!
12-31 03:34:14.500  1417  1417 I GoogleInputMethodService: GoogleInputMethodService.onFinishInput():3227
12-31 03:34:14.523  1417  1417 I GoogleInputMethodService: GoogleInputMethodService.updateDeviceLockedStatus():2087 repeatCheckTimes = 0, unlocked = true
12-31 03:34:14.524  1417  1417 I GoogleInputMethodService: GoogleInputMethodService.onStartInput():1877 onStartInput(EditorInfo{inputType=0x0(NULL) imeOptions=0x0 privateImeOptions=null actionName=UNSPECIFIED actionLabel=null actionId=0 initialSelStart=-1 initialSelEnd=-1 initialCapsMode=0x0 hintText=null label=null packageName=com.example.dogglers fieldId=0 fieldName=null extras=null}, false)
12-31 03:34:14.525  1417  1417 I GoogleInputMethodService: GoogleInputMethodService.shouldHideHeaderOnInitialState():4008 ShouldHideHeaderOnInitialState = false
12-31 03:34:14.526  1417  1417 I GoogleInputMethodService: GoogleInputMethodService.updateDeviceLockedStatus():2087 repeatCheckTimes = 2, unlocked = true
12-31 03:34:14.542 25632 25632 I ViewInteraction: Performing 'scroll RecyclerView to position: 5' action on view view.getId() is <2131231206/com.example.dogglers:id/vertical_recycler_view>
12-31 03:34:14.550  7288  7288 D BoundBrokerSvc: onUnbind: Intent { act=com.google.android.gms.feedback.internal.IFeedbackService dat=chimera-action:/... cmp=com.google.android.gms/.chimera.GmsBoundBrokerService }
12-31 03:34:14.640 25632 25632 D LifecycleMonitor: Lifecycle status change: androidx.test.core.app.InstrumentationActivityInvoker$BootstrapActivity@b8104db in: STOPPED
12-31 03:34:14.641 25632 25632 V ActivityScenario: Activity lifecycle changed event received but ignored because the intent does not match. startActivityIntent=Intent { act=android.intent.action.MAIN cat=[android.intent.category.LAUNCHER] cmp=com.example.dogglers/.VerticalListActivity }, activity.getIntent()=Intent { act=android.intent.action.MAIN cat=[android.intent.category.LAUNCHER] flg=0x10008000 cmp=com.example.dogglers/androidx.test.core.app.InstrumentationActivityInvoker$BootstrapActivity (has extras) }, activity=androidx.test.core.app.InstrumentationActivityInvoker$BootstrapActivity@b8104db
12-31 03:34:14.654 25632 25632 I ViewInteraction: Checking 'MatchesViewAssertion{viewMatcher=(view has effective visibility <VISIBLE> and view.getGlobalVisibleRect() to return non-empty rectangle)}' assertion on view an instance of android.widget.TextView and view.getText() with or without transformation to match: is "Bella"
12-31 03:34:14.692 25632 25632 D LifecycleMonitor: Lifecycle status change: com.example.dogglers.VerticalListActivity@5a27a89 in: PAUSED
12-31 03:34:14.693 25632 25632 V ActivityScenario: Update currentActivityStage to PAUSED, currentActivity=com.example.dogglers.VerticalListActivity@5a27a89
12-31 03:34:14.722 25632 25632 D LifecycleMonitor: Lifecycle status change: androidx.test.core.app.InstrumentationActivityInvoker$EmptyActivity@2795d41 in: PRE_ON_CREATE
12-31 03:34:14.723 25632 25632 V ActivityScenario: Activity lifecycle changed event received but ignored because the intent does not match. startActivityIntent=Intent { act=android.intent.action.MAIN cat=[android.intent.category.LAUNCHER] cmp=com.example.dogglers/.VerticalListActivity }, activity.getIntent()=Intent { act=android.intent.action.MAIN cat=[android.intent.category.LAUNCHER] flg=0x10000000 cmp=com.example.dogglers/androidx.test.core.app.InstrumentationActivityInvoker$EmptyActivity }, activity=androidx.test.core.app.InstrumentationActivityInvoker$EmptyActivity@2795d41
12-31 03:34:14.750   423   423 I BpBinder: onLastStrongRef automatically unlinking death recipients:
12-31 03:34:14.752 25632 25632 D LifecycleMonitor: Lifecycle status change: androidx.test.core.app.InstrumentationActivityInvoker$EmptyActivity@2795d41 in: CREATED
12-31 03:34:14.756 25632 25632 V ActivityScenario: Activity lifecycle changed event received but ignored because the intent does not match. startActivityIntent=Intent { act=android.intent.action.MAIN cat=[android.intent.category.LAUNCHER] cmp=com.example.dogglers/.VerticalListActivity }, activity.getIntent()=Intent { act=android.intent.action.MAIN cat=[android.intent.category.LAUNCHER] flg=0x10000000 cmp=com.example.dogglers/androidx.test.core.app.InstrumentationActivityInvoker$EmptyActivity }, activity=androidx.test.core.app.InstrumentationActivityInvoker$EmptyActivity@2795d41
12-31 03:34:14.758 25632 25632 D LifecycleMonitor: Lifecycle status change: androidx.test.core.app.InstrumentationActivityInvoker$EmptyActivity@2795d41 in: STARTED
12-31 03:34:14.759 25632 25632 V ActivityScenario: Activity lifecycle changed event received but ignored because the intent does not match. startActivityIntent=Intent { act=android.intent.action.MAIN cat=[android.intent.category.LAUNCHER] cmp=com.example.dogglers/.VerticalListActivity }, activity.getIntent()=Intent { act=android.intent.action.MAIN cat=[android.intent.category.LAUNCHER] flg=0x10000000 cmp=com.example.dogglers/androidx.test.core.app.InstrumentationActivityInvoker$EmptyActivity }, activity=androidx.test.core.app.InstrumentationActivityInvoker$EmptyActivity@2795d41
12-31 03:34:14.762 25632 25632 D LifecycleMonitor: Lifecycle status change: androidx.test.core.app.InstrumentationActivityInvoker$EmptyActivity@2795d41 in: RESUMED
12-31 03:34:14.762 25632 25632 V ActivityScenario: Activity lifecycle changed event received but ignored because the intent does not match. startActivityIntent=Intent { act=android.intent.action.MAIN cat=[android.intent.category.LAUNCHER] cmp=com.example.dogglers/.VerticalListActivity }, activity.getIntent()=Intent { act=android.intent.action.MAIN cat=[android.intent.category.LAUNCHER] flg=0x10000000 cmp=com.example.dogglers/androidx.test.core.app.InstrumentationActivityInvoker$EmptyActivity }, activity=androidx.test.core.app.InstrumentationActivityInvoker$EmptyActivity@2795d41
12-31 03:34:14.837 25632 25655 E OpenGLRenderer: Unable to match the desired swap behavior.
12-31 03:34:14.919   597   627 I ActivityTaskManager: Displayed com.example.dogglers/androidx.test.core.app.InstrumentationActivityInvoker$EmptyActivity for user 0: +248ms
12-31 03:34:14.965 25632 25632 D LifecycleMonitor: Lifecycle status change: com.example.dogglers.VerticalListActivity@5a27a89 in: STOPPED
12-31 03:34:14.968 25632 25632 V ActivityScenario: Update currentActivityStage to STOPPED, currentActivity=com.example.dogglers.VerticalListActivity@5a27a89
12-31 03:34:14.969   423   423 I BpBinder: onLastStrongRef automatically unlinking death recipients:
12-31 03:34:14.976 25632 25632 D LifecycleMonitor: Lifecycle status change: com.example.dogglers.VerticalListActivity@5a27a89 in: DESTROYED
12-31 03:34:14.978 25632 25632 V ActivityScenario: Update currentActivityStage to DESTROYED, currentActivity=null
12-31 03:34:14.981 25632 25632 W WindowOnBackDispatcher: sendCancelIfRunning: isInProgress=falsecallback=android.view.ViewRootImpl$$ExternalSyntheticLambda17@4a2b997
12-31 03:34:14.988   597   677 W InputManager-JNI: Input channel object 'c484716 com.example.dogglers/com.example.dogglers.VerticalListActivity (client)' was disposed without first being removed with the input manager!
12-31 03:34:14.999 25632 25632 D LifecycleMonitor: Lifecycle status change: androidx.test.core.app.InstrumentationActivityInvoker$EmptyActivity@2795d41 in: PAUSED
12-31 03:34:15.001 25632 25632 V ActivityScenario: Activity lifecycle changed event received but ignored because the intent does not match. startActivityIntent=Intent { act=android.intent.action.MAIN cat=[android.intent.category.LAUNCHER] cmp=com.example.dogglers/.VerticalListActivity }, activity.getIntent()=Intent { act=android.intent.action.MAIN cat=[android.intent.category.LAUNCHER] flg=0x10000000 cmp=com.example.dogglers/androidx.test.core.app.InstrumentationActivityInvoker$EmptyActivity }, activity=androidx.test.core.app.InstrumentationActivityInvoker$EmptyActivity@2795d41
12-31 03:34:15.036   597   677 I ImeTracker: com.example.dogglers:82f81873: onRequestHide at ORIGIN_SERVER_HIDE_INPUT reason HIDE_UNSPECIFIED_WINDOW
12-31 03:34:15.037   597   677 I ImeTracker: com.example.dogglers:82f81873: onCancelled at PHASE_SERVER_SHOULD_HIDE
12-31 03:34:15.040  1417  1417 I GoogleInputMethodService: GoogleInputMethodService.onFinishInput():3227
12-31 03:34:15.041  1417  1417 I GoogleInputMethodService: GoogleInputMethodService.updateDeviceLockedStatus():2087 repeatCheckTimes = 0, unlocked = true
12-31 03:34:15.043  1417  1417 I GoogleInputMethodService: GoogleInputMethodService.onStartInput():1877 onStartInput(EditorInfo{inputType=0x0(NULL) imeOptions=0x0 privateImeOptions=null actionName=UNSPECIFIED actionLabel=null actionId=0 initialSelStart=-1 initialSelEnd=-1 initialCapsMode=0x0 hintText=null label=null packageName=com.example.dogglers fieldId=0 fieldName=null extras=null}, false)
12-31 03:34:15.043 25632 25632 D LifecycleMonitor: Lifecycle status change: androidx.test.core.app.InstrumentationActivityInvoker$BootstrapActivity@b8104db in: DESTROYED
12-31 03:34:15.043  1417  1417 I GoogleInputMethodService: GoogleInputMethodService.shouldHideHeaderOnInitialState():4008 ShouldHideHeaderOnInitialState = false
12-31 03:34:15.044 25632 25632 V ActivityScenario: Activity lifecycle changed event received but ignored because the intent does not match. startActivityIntent=Intent { act=android.intent.action.MAIN cat=[android.intent.category.LAUNCHER] cmp=com.example.dogglers/.VerticalListActivity }, activity.getIntent()=Intent { act=android.intent.action.MAIN cat=[android.intent.category.LAUNCHER] flg=0x10008000 cmp=com.example.dogglers/androidx.test.core.app.InstrumentationActivityInvoker$BootstrapActivity (has extras) }, activity=androidx.test.core.app.InstrumentationActivityInvoker$BootstrapActivity@b8104db
12-31 03:34:15.045  1417  1417 I GoogleInputMethodService: GoogleInputMethodService.updateDeviceLockedStatus():2087 repeatCheckTimes = 2, unlocked = true
12-31 03:34:15.065 25632 25632 D LifecycleMonitor: Lifecycle status change: androidx.test.core.app.InstrumentationActivityInvoker$EmptyActivity@2ada196 in: PRE_ON_CREATE
12-31 03:34:15.068 25632 25632 V ActivityScenario: Activity lifecycle changed event received but ignored because the intent does not match. startActivityIntent=Intent { act=android.intent.action.MAIN cat=[android.intent.category.LAUNCHER] cmp=com.example.dogglers/.VerticalListActivity }, activity.getIntent()=Intent { act=android.intent.action.MAIN cat=[android.intent.category.LAUNCHER] flg=0x10000000 cmp=com.example.dogglers/androidx.test.core.app.InstrumentationActivityInvoker$EmptyActivity }, activity=androidx.test.core.app.InstrumentationActivityInvoker$EmptyActivity@2ada196
12-31 03:34:15.082 25632 25632 D LifecycleMonitor: Lifecycle status change: androidx.test.core.app.InstrumentationActivityInvoker$EmptyActivity@2ada196 in: CREATED
12-31 03:34:15.083 25632 25632 V ActivityScenario: Activity lifecycle changed event received but ignored because the intent does not match. startActivityIntent=Intent { act=android.intent.action.MAIN cat=[android.intent.category.LAUNCHER] cmp=com.example.dogglers/.VerticalListActivity }, activity.getIntent()=Intent { act=android.intent.action.MAIN cat=[android.intent.category.LAUNCHER] flg=0x10000000 cmp=com.example.dogglers/androidx.test.core.app.InstrumentationActivityInvoker$EmptyActivity }, activity=androidx.test.core.app.InstrumentationActivityInvoker$EmptyActivity@2ada196
12-31 03:34:15.085 25632 25632 D LifecycleMonitor: Lifecycle status change: androidx.test.core.app.InstrumentationActivityInvoker$EmptyActivity@2ada196 in: STARTED
12-31 03:34:15.086 25632 25632 V ActivityScenario: Activity lifecycle changed event received but ignored because the intent does not match. startActivityIntent=Intent { act=android.intent.action.MAIN cat=[android.intent.category.LAUNCHER] cmp=com.example.dogglers/.VerticalListActivity }, activity.getIntent()=Intent { act=android.intent.action.MAIN cat=[android.intent.category.LAUNCHER] flg=0x10000000 cmp=com.example.dogglers/androidx.test.core.app.InstrumentationActivityInvoker$EmptyActivity }, activity=androidx.test.core.app.InstrumentationActivityInvoker$EmptyActivity@2ada196
12-31 03:34:15.089 25632 25632 D LifecycleMonitor: Lifecycle status change: androidx.test.core.app.InstrumentationActivityInvoker$EmptyActivity@2ada196 in: RESUMED
12-31 03:34:15.090 25632 25632 V ActivityScenario: Activity lifecycle changed event received but ignored because the intent does not match. startActivityIntent=Intent { act=android.intent.action.MAIN cat=[android.intent.category.LAUNCHER] cmp=com.example.dogglers/.VerticalListActivity }, activity.getIntent()=Intent { act=android.intent.action.MAIN cat=[android.intent.category.LAUNCHER] flg=0x10000000 cmp=com.example.dogglers/androidx.test.core.app.InstrumentationActivityInvoker$EmptyActivity }, activity=androidx.test.core.app.InstrumentationActivityInvoker$EmptyActivity@2ada196
12-31 03:34:15.158 25632 25655 E OpenGLRenderer: Unable to match the desired swap behavior.
12-31 03:34:15.222   597   627 I ActivityTaskManager: Displayed com.example.dogglers/androidx.test.core.app.InstrumentationActivityInvoker$EmptyActivity for user 0: +282ms
12-31 03:34:15.295 25632 25632 D LifecycleMonitor: Lifecycle status change: androidx.test.core.app.InstrumentationActivityInvoker$EmptyActivity@2795d41 in: STOPPED
12-31 03:34:15.295 25632 25632 V ActivityScenario: Activity lifecycle changed event received but ignored because the intent does not match. startActivityIntent=Intent { act=android.intent.action.MAIN cat=[android.intent.category.LAUNCHER] cmp=com.example.dogglers/.VerticalListActivity }, activity.getIntent()=Intent { act=android.intent.action.MAIN cat=[android.intent.category.LAUNCHER] flg=0x10000000 cmp=com.example.dogglers/androidx.test.core.app.InstrumentationActivityInvoker$EmptyActivity }, activity=androidx.test.core.app.InstrumentationActivityInvoker$EmptyActivity@2795d41
12-31 03:34:15.300   597   677 I ImeTracker: com.example.dogglers:cd37cd9a: onRequestHide at ORIGIN_SERVER_HIDE_INPUT reason HIDE_UNSPECIFIED_WINDOW
12-31 03:34:15.301   597   677 I ImeTracker: com.example.dogglers:cd37cd9a: onCancelled at PHASE_SERVER_SHOULD_HIDE
12-31 03:34:15.313  1417  1417 I GoogleInputMethodService: GoogleInputMethodService.onFinishInput():3227
12-31 03:34:15.320  1417  1417 I GoogleInputMethodService: GoogleInputMethodService.updateDeviceLockedStatus():2087 repeatCheckTimes = 0, unlocked = true
12-31 03:34:15.321  1417  1417 I GoogleInputMethodService: GoogleInputMethodService.onStartInput():1877 onStartInput(EditorInfo{inputType=0x0(NULL) imeOptions=0x0 privateImeOptions=null actionName=UNSPECIFIED actionLabel=null actionId=0 initialSelStart=-1 initialSelEnd=-1 initialCapsMode=0x0 hintText=null label=null packageName=com.example.dogglers fieldId=0 fieldName=null extras=null}, false)
12-31 03:34:15.321  1417  1417 I GoogleInputMethodService: GoogleInputMethodService.shouldHideHeaderOnInitialState():4008 ShouldHideHeaderOnInitialState = false
12-31 03:34:15.324  1417  1417 I GoogleInputMethodService: GoogleInputMethodService.updateDeviceLockedStatus():2087 repeatCheckTimes = 2, unlocked = true
12-31 03:34:15.325 25632 25632 D LifecycleMonitor: Lifecycle status change: androidx.test.core.app.InstrumentationActivityInvoker$EmptyActivity@2795d41 in: DESTROYED
12-31 03:34:15.326 25632 25632 V ActivityScenario: Activity lifecycle changed event received but ignored because the intent does not match. startActivityIntent=Intent { act=android.intent.action.MAIN cat=[android.intent.category.LAUNCHER] cmp=com.example.dogglers/.VerticalListActivity }, activity.getIntent()=Intent { act=android.intent.action.MAIN cat=[android.intent.category.LAUNCHER] flg=0x10000000 cmp=com.example.dogglers/androidx.test.core.app.InstrumentationActivityInvoker$EmptyActivity }, activity=androidx.test.core.app.InstrumentationActivityInvoker$EmptyActivity@2795d41
12-31 03:34:15.326 25632 25632 W WindowOnBackDispatcher: sendCancelIfRunning: isInProgress=falsecallback=android.view.ViewRootImpl$$ExternalSyntheticLambda17@7b11772
12-31 03:34:15.329   597   677 W InputManager-JNI: Input channel object 'f1e7338 com.example.dogglers/androidx.test.core.app.InstrumentationActivityInvoker$EmptyActivity (client)' was disposed without first being removed with the input manager!
12-31 03:34:15.331   423   423 I BpBinder: onLastStrongRef automatically unlinking death recipients:
12-31 03:34:15.357 25632 25632 D LifecycleMonitor: Lifecycle status change: androidx.test.core.app.InstrumentationActivityInvoker$EmptyActivity@2ada196 in: PAUSED
12-31 03:34:15.359 25632 25632 V ActivityScenario: Activity lifecycle changed event received but ignored because the intent does not match. startActivityIntent=Intent { act=android.intent.action.MAIN cat=[android.intent.category.LAUNCHER] cmp=com.example.dogglers/.VerticalListActivity }, activity.getIntent()=Intent { act=android.intent.action.MAIN cat=[android.intent.category.LAUNCHER] flg=0x10000000 cmp=com.example.dogglers/androidx.test.core.app.InstrumentationActivityInvoker$EmptyActivity }, activity=androidx.test.core.app.InstrumentationActivityInvoker$EmptyActivity@2ada196
12-31 03:34:15.392 25632 25653 I TestRunner: finished: vertical_scroll_content_at_last_position(com.example.dogglers.VerticalListTests)
