12-31 03:34:18.359 25632 25653 I TestRunner: started: vertical_scroll_content_at_first_position(com.example.dogglers.VerticalListTests)
12-31 03:34:18.359   597  1357 W InputManager-JNI: Input channel object 'baf432e com.example.dogglers/androidx.test.core.app.InstrumentationActivityInvoker$EmptyActivity (client)' was disposed without first being removed with the input manager!
12-31 03:34:18.393 25632 25653 W Settings: Setting always_finish_activities has moved from android.provider.Settings.System to android.provider.Settings.Global, returning read-only value.
12-31 03:34:18.454   835   887 D SplashScreenView: Build android.window.SplashScreenView{50f629f V.E...... ......ID 0,0-0,0}
12-31 03:34:18.454   835   887 D SplashScreenView: Icon: view: null drawable: null size: 0
12-31 03:34:18.454   835   887 D SplashScreenView: Branding: view: android.view.View{d939fec G.ED..... ......I. 0,0-0,0 #10204ef android:id/splashscreen_branding_view} drawable: null size w: 0 h: 0
12-31 03:34:18.491 25632 25632 D LifecycleMonitor: Lifecycle status change: androidx.test.core.app.InstrumentationActivityInvoker$BootstrapActivity@9c37808 in: PRE_ON_CREATE
12-31 03:34:18.492 25632 25632 V ActivityScenario: Activity lifecycle changed event received but ignored because the intent does not match. startActivityIntent=Intent { act=android.intent.action.MAIN cat=[android.intent.category.LAUNCHER] cmp=com.example.dogglers/.VerticalListActivity }, activity.getIntent()=Intent { act=android.intent.action.MAIN cat=[android.intent.category.LAUNCHER] flg=0x10008000 cmp=com.example.dogglers/androidx.test.core.app.InstrumentationActivityInvoker$BootstrapActivity (has extras) }, activity=androidx.test.core.app.InstrumentationActivityInvoker$BootstrapActivity@9c37808
12-31 03:34:18.525 25632 25632 D LifecycleMonitor: Lifecycle status change: androidx.test.core.app.InstrumentationActivityInvoker$BootstrapActivity@9c37808 in: CREATED
12-31 03:34:18.527 25632 25632 V ActivityScenario: Activity lifecycle changed event received but ignored because the intent does not match. startActivityIntent=Intent { act=android.intent.action.MAIN cat=[android.intent.category.LAUNCHER] cmp=com.example.dogglers/.VerticalListActivity }, activity.getIntent()=Intent { act=android.intent.action.MAIN cat=[android.intent.category.LAUNCHER] flg=0x10008000 cmp=com.example.dogglers/androidx.test.core.app.InstrumentationActivityInvoker$BootstrapActivity (has extras) }, activity=androidx.test.core.app.InstrumentationActivityInvoker$BootstrapActivity@9c37808
12-31 03:34:18.530   835   912 E OpenGLRenderer: Unable to match the desired swap behavior.
12-31 03:34:18.533 25632 25632 D LifecycleMonitor: Lifecycle status change: androidx.test.core.app.InstrumentationActivityInvoker$BootstrapActivity@9c37808 in: STARTED
12-31 03:34:18.545 25632 25632 V ActivityScenario: Activity lifecycle changed event received but ignored because the intent does not match. startActivityIntent=Intent { act=android.intent.action.MAIN cat=[android.intent.category.LAUNCHER] cmp=com.example.dogglers/.VerticalListActivity }, activity.getIntent()=Intent { act=android.intent.action.MAIN cat=[android.intent.category.LAUNCHER] flg=0x10008000 cmp=com.example.dogglers/androidx.test.core.app.InstrumentationActivityInvoker$BootstrapActivity (has extras) }, activity=androidx.test.core.app.InstrumentationActivityInvoker$BootstrapActivity@9c37808
12-31 03:34:18.552   423   423 I BpBinder: onLastStrongRef automatically unlinking death recipients:
12-31 03:34:18.583  1643  1643 I GsaVoiceInteractionSrv: Handling ACTION_STOP_HOTWORD
12-31 03:34:18.587 25632 25632 D LifecycleMonitor: Lifecycle status change: androidx.test.core.app.InstrumentationActivityInvoker$BootstrapActivity@9c37808 in: RESUMED
12-31 03:34:18.600 25632 25632 V ActivityScenario: Activity lifecycle changed event received but ignored because the intent does not match. startActivityIntent=Intent { act=android.intent.action.MAIN cat=[android.intent.category.LAUNCHER] cmp=com.example.dogglers/.VerticalListActivity }, activity.getIntent()=Intent { act=android.intent.action.MAIN cat=[android.intent.category.LAUNCHER] flg=0x10008000 cmp=com.example.dogglers/androidx.test.core.app.InstrumentationActivityInvoker$BootstrapActivity (has extras) }, activity=androidx.test.core.app.InstrumentationActivityInvoker$BootstrapActivity@9c37808
12-31 03:34:18.612 25632 25632 D LifecycleMonitor: Lifecycle status change: androidx.test.core.app.InstrumentationActivityInvoker$BootstrapActivity@9c37808 in: PAUSED
12-31 03:34:18.624  1643  2266 E HwDetectorWithState: a: 3
12-31 03:34:18.632 25632 25632 V ActivityScenario: Activity lifecycle changed event received but ignored because the intent does not match. startActivityIntent=Intent { act=android.intent.action.MAIN cat=[android.intent.category.LAUNCHER] cmp=com.example.dogglers/.VerticalListActivity }, activity.getIntent()=Intent { act=android.intent.action.MAIN cat=[android.intent.category.LAUNCHER] flg=0x10008000 cmp=com.example.dogglers/androidx.test.core.app.InstrumentationActivityInvoker$BootstrapActivity (has extras) }, activity=androidx.test.core.app.InstrumentationActivityInvoker$BootstrapActivity@9c37808
12-31 03:34:18.746 25632 25632 D LifecycleMonitor: Lifecycle status change: com.example.dogglers.VerticalListActivity@968a39e in: PRE_ON_CREATE
12-31 03:34:18.761 25632 25632 V ActivityScenario: Activity lifecycle changed event received but ignored because the reported transition was not ON_CREATE while the last known transition was PRE_ON_CREATE
12-31 03:34:18.765  1137  1137 D AutofillManager: view is not autofillable - activity denied for autofill
12-31 03:34:18.818 25632 25632 D LifecycleMonitor: Lifecycle status change: com.example.dogglers.VerticalListActivity@968a39e in: CREATED
12-31 03:34:18.818 25632 25632 V ActivityScenario: Update currentActivityStage to CREATED, currentActivity=com.example.dogglers.VerticalListActivity@968a39e
12-31 03:34:18.822 25632 25632 D LifecycleMonitor: Lifecycle status change: com.example.dogglers.VerticalListActivity@968a39e in: STARTED
12-31 03:34:18.822 25632 25632 V ActivityScenario: Update currentActivityStage to STARTED, currentActivity=com.example.dogglers.VerticalListActivity@968a39e
12-31 03:34:18.825 25632 25632 D LifecycleMonitor: Lifecycle status change: com.example.dogglers.VerticalListActivity@968a39e in: RESUMED
12-31 03:34:18.826 25632 25632 V ActivityScenario: Update currentActivityStage to RESUMED, currentActivity=com.example.dogglers.VerticalListActivity@968a39e
12-31 03:34:18.927 25632 25655 E OpenGLRenderer: Unable to match the desired swap behavior.
12-31 03:34:19.021   597   627 W ziparchive: Unable to open '/data/app/~~G7p27EQG77stpW1ABiv-MA==/com.example.dogglers-aSMWeCKNFzASRd8PDBBBBw==/base.dm': No such file or directory
12-31 03:34:19.023   597   627 I ActivityTaskManager: Displayed com.example.dogglers/.VerticalListActivity for user 0: +583ms
12-31 03:34:19.030 25632 25632 D RootViewPicker: Root not ready - waiting: 10ms for one to appear.
12-31 03:34:19.054   597  2269 I ImeTracker: com.example.dogglers:a02d0150: onRequestHide at ORIGIN_SERVER_HIDE_INPUT reason HIDE_UNSPECIFIED_WINDOW
12-31 03:34:19.056  1137  2056 D OneSearchSuggestProvider: Shut down the binder channel
12-31 03:34:19.058   597  2269 I ImeTracker: com.example.dogglers:a02d0150: onCancelled at PHASE_SERVER_SHOULD_HIDE
12-31 03:34:19.060  1137 11823 I IPCThreadState: oneway function results for code 2 on binder at 0x776cde17e0e0 will be dropped but finished with status UNKNOWN_TRANSACTION
12-31 03:34:19.065  1417  1417 I GoogleInputMethodService: GoogleInputMethodService.onFinishInput():3227
12-31 03:34:19.067  1417  1417 I GoogleInputMethodService: GoogleInputMethodService.updateDeviceLockedStatus():2087 repeatCheckTimes = 0, unlocked = true
12-31 03:34:19.069  1417  1417 I GoogleInputMethodService: GoogleInputMethodService.onStartInput():1877 onStartInput(EditorInfo{inputType=0x0(NULL) imeOptions=0x0 privateImeOptions=null actionName=UNSPECIFIED actionLabel=null actionId=0 initialSelStart=-1 initialSelEnd=-1 initialCapsMode=0x0 hintText=null label=null packageName=com.example.dogglers fieldId=0 fieldName=null extras=null}, false)
12-31 03:34:19.087  1417  1417 I GoogleInputMethodService: GoogleInputMethodService.shouldHideHeaderOnInitialState():4008 ShouldHideHeaderOnInitialState = false
12-31 03:34:19.087   835   885 W WindowOnBackDispatcher: sendCancelIfRunning: isInProgress=falsecallback=android.view.ViewRootImpl$$ExternalSyntheticLambda17@4dedd16
12-31 03:34:19.093  1417  1417 I GoogleInputMethodService: GoogleInputMethodService.updateDeviceLockedStatus():2087 repeatCheckTimes = 2, unlocked = true
12-31 03:34:19.108 25632 25632 D LifecycleMonitor: Lifecycle status change: androidx.test.core.app.InstrumentationActivityInvoker$BootstrapActivity@9c37808 in: STOPPED
12-31 03:34:19.112 25632 25632 V ActivityScenario: Activity lifecycle changed event received but ignored because the intent does not match. startActivityIntent=Intent { act=android.intent.action.MAIN cat=[android.intent.category.LAUNCHER] cmp=com.example.dogglers/.VerticalListActivity }, activity.getIntent()=Intent { act=android.intent.action.MAIN cat=[android.intent.category.LAUNCHER] flg=0x10008000 cmp=com.example.dogglers/androidx.test.core.app.InstrumentationActivityInvoker$BootstrapActivity (has extras) }, activity=androidx.test.core.app.InstrumentationActivityInvoker$BootstrapActivity@9c37808
12-31 03:34:19.112   597  2049 W InputManager-JNI: Input channel object '5c9539f Splash Screen com.example.dogglers (client)' was disposed without first being removed with the input manager!
12-31 03:34:19.144  1137  1219 I ImeTracker: com.google.android.apps.nexuslauncher:939f343d: onRequestHide at ORIGIN_CLIENT_HIDE_SOFT_INPUT reason HIDE_SOFT_INPUT
12-31 03:34:19.144  1137  1219 I ImeTracker: com.google.android.apps.nexuslauncher:939f343d: onFailed at PHASE_CLIENT_VIEW_SERVED
12-31 03:34:19.161 21708 21758 D BtGatt.ScanManager: uid 10128 isForeground true scanMode -1
12-31 03:34:19.161 21708 21758 D BtGatt.ScanManager: uid 10128 isForeground true scanMode 1
12-31 03:34:19.161 21708 21758 D BtGatt.ScanManager: uid 10128 isForeground true scanMode -1
12-31 03:34:19.167 25632 25632 I ViewInteraction: Checking 'MatchesViewAssertion{viewMatcher=(view has effective visibility <VISIBLE> and view.getGlobalVisibleRect() to return non-empty rectangle)}' assertion on view an instance of android.widget.TextView and view.getText() with or without transformation to match: is "Tzeitel"
12-31 03:34:19.173 25632 25632 I ViewInteraction: Checking 'MatchesViewAssertion{viewMatcher=(view has effective visibility <VISIBLE> and view.getGlobalVisibleRect() to return non-empty rectangle)}' assertion on view an instance of android.widget.TextView and view.getText() with or without transformation to match: is "Age: 7"
12-31 03:34:19.179 25632 25632 I ViewInteraction: Checking 'MatchesViewAssertion{viewMatcher=(view has effective visibility <VISIBLE> and view.getGlobalVisibleRect() to return non-empty rectangle)}' assertion on view an instance of android.widget.TextView and view.getText() with or without transformation to match: is "Hobbies: sunbathing"
12-31 03:34:19.321 25632 25632 I ViewInteraction: Checking 'MatchesViewAssertion{viewMatcher=(view has effective visibility <VISIBLE> and view.getGlobalVisibleRect() to return non-empty rectangle)}' assertion on view has drawable resource 2131165345
12-31 03:34:19.343 25632 25632 D LifecycleMonitor: Lifecycle status change: com.example.dogglers.VerticalListActivity@968a39e in: PAUSED
12-31 03:34:19.344 25632 25632 V ActivityScenario: Update currentActivityStage to PAUSED, currentActivity=com.example.dogglers.VerticalListActivity@968a39e
12-31 03:34:19.390   423   423 I BpBinder: onLastStrongRef automatically unlinking death recipients:
12-31 03:34:19.416 25632 25632 D LifecycleMonitor: Lifecycle status change: androidx.test.core.app.InstrumentationActivityInvoker$EmptyActivity@a05ef28 in: PRE_ON_CREATE
12-31 03:34:19.419 25632 25632 V ActivityScenario: Activity lifecycle changed event received but ignored because the intent does not match. startActivityIntent=Intent { act=android.intent.action.MAIN cat=[android.intent.category.LAUNCHER] cmp=com.example.dogglers/.VerticalListActivity }, activity.getIntent()=Intent { act=android.intent.action.MAIN cat=[android.intent.category.LAUNCHER] flg=0x10000000 cmp=com.example.dogglers/androidx.test.core.app.InstrumentationActivityInvoker$EmptyActivity }, activity=androidx.test.core.app.InstrumentationActivityInvoker$EmptyActivity@a05ef28
12-31 03:34:19.437 25632 25632 D LifecycleMonitor: Lifecycle status change: androidx.test.core.app.InstrumentationActivityInvoker$EmptyActivity@a05ef28 in: CREATED
12-31 03:34:19.447 25632 25632 V ActivityScenario: Activity lifecycle changed event received but ignored because the intent does not match. startActivityIntent=Intent { act=android.intent.action.MAIN cat=[android.intent.category.LAUNCHER] cmp=com.example.dogglers/.VerticalListActivity }, activity.getIntent()=Intent { act=android.intent.action.MAIN cat=[android.intent.category.LAUNCHER] flg=0x10000000 cmp=com.example.dogglers/androidx.test.core.app.InstrumentationActivityInvoker$EmptyActivity }, activity=androidx.test.core.app.InstrumentationActivityInvoker$EmptyActivity@a05ef28
12-31 03:34:19.454 25632 25632 D LifecycleMonitor: Lifecycle status change: androidx.test.core.app.InstrumentationActivityInvoker$EmptyActivity@a05ef28 in: STARTED
12-31 03:34:19.455 25632 25632 V ActivityScenario: Activity lifecycle changed event received but ignored because the intent does not match. startActivityIntent=Intent { act=android.intent.action.MAIN cat=[android.intent.category.LAUNCHER] cmp=com.example.dogglers/.VerticalListActivity }, activity.getIntent()=Intent { act=android.intent.action.MAIN cat=[android.intent.category.LAUNCHER] flg=0x10000000 cmp=com.example.dogglers/androidx.test.core.app.InstrumentationActivityInvoker$EmptyActivity }, activity=androidx.test.core.app.InstrumentationActivityInvoker$EmptyActivity@a05ef28
12-31 03:34:19.460 25632 25632 D LifecycleMonitor: Lifecycle status change: androidx.test.core.app.InstrumentationActivityInvoker$EmptyActivity@a05ef28 in: RESUMED
12-31 03:34:19.461 25632 25632 V ActivityScenario: Activity lifecycle changed event received but ignored because the intent does not match. startActivityIntent=Intent { act=android.intent.action.MAIN cat=[android.intent.category.LAUNCHER] cmp=com.example.dogglers/.VerticalListActivity }, activity.getIntent()=Intent { act=android.intent.action.MAIN cat=[android.intent.category.LAUNCHER] flg=0x10000000 cmp=com.example.dogglers/androidx.test.core.app.InstrumentationActivityInvoker$EmptyActivity }, activity=androidx.test.core.app.InstrumentationActivityInvoker$EmptyActivity@a05ef28
12-31 03:34:19.588 25632 25655 E OpenGLRenderer: Unable to match the desired swap behavior.
12-31 03:34:19.656   597   627 I ActivityTaskManager: Displayed com.example.dogglers/androidx.test.core.app.InstrumentationActivityInvoker$EmptyActivity for user 0: +318ms
12-31 03:34:19.695 25632 25632 D LifecycleMonitor: Lifecycle status change: com.example.dogglers.VerticalListActivity@968a39e in: STOPPED
12-31 03:34:19.695 25632 25632 V ActivityScenario: Update currentActivityStage to STOPPED, currentActivity=com.example.dogglers.VerticalListActivity@968a39e
12-31 03:34:19.698 25632 25632 D LifecycleMonitor: Lifecycle status change: com.example.dogglers.VerticalListActivity@968a39e in: DESTROYED
12-31 03:34:19.699 25632 25632 V ActivityScenario: Update currentActivityStage to DESTROYED, currentActivity=null
12-31 03:34:19.699 25632 25632 W WindowOnBackDispatcher: sendCancelIfRunning: isInProgress=falsecallback=android.view.ViewRootImpl$$ExternalSyntheticLambda17@ca3f514
12-31 03:34:19.722   597  2261 W InputManager-JNI: Input channel object 'c2acc6 com.example.dogglers/com.example.dogglers.VerticalListActivity (client)' was disposed without first being removed with the input manager!
12-31 03:34:19.755 25632 25632 D LifecycleMonitor: Lifecycle status change: androidx.test.core.app.InstrumentationActivityInvoker$EmptyActivity@a05ef28 in: PAUSED
12-31 03:34:19.757 25632 25632 V ActivityScenario: Activity lifecycle changed event received but ignored because the intent does not match. startActivityIntent=Intent { act=android.intent.action.MAIN cat=[android.intent.category.LAUNCHER] cmp=com.example.dogglers/.VerticalListActivity }, activity.getIntent()=Intent { act=android.intent.action.MAIN cat=[android.intent.category.LAUNCHER] flg=0x10000000 cmp=com.example.dogglers/androidx.test.core.app.InstrumentationActivityInvoker$EmptyActivity }, activity=androidx.test.core.app.InstrumentationActivityInvoker$EmptyActivity@a05ef28
12-31 03:34:19.765   423   423 I BpBinder: onLastStrongRef automatically unlinking death recipients:
12-31 03:34:19.784   597  2261 I ImeTracker: com.example.dogglers:87dd1153: onRequestHide at ORIGIN_SERVER_HIDE_INPUT reason HIDE_UNSPECIFIED_WINDOW
12-31 03:34:19.784   597  2261 I ImeTracker: com.example.dogglers:87dd1153: onCancelled at PHASE_SERVER_SHOULD_HIDE
12-31 03:34:19.788  1417  1417 I GoogleInputMethodService: GoogleInputMethodService.onFinishInput():3227
12-31 03:34:19.789 25632 25632 D LifecycleMonitor: Lifecycle status change: androidx.test.core.app.InstrumentationActivityInvoker$BootstrapActivity@9c37808 in: DESTROYED
12-31 03:34:19.790  1417  1417 I GoogleInputMethodService: GoogleInputMethodService.updateDeviceLockedStatus():2087 repeatCheckTimes = 0, unlocked = true
12-31 03:34:19.790  1417  1417 I GoogleInputMethodService: GoogleInputMethodService.onStartInput():1877 onStartInput(EditorInfo{inputType=0x0(NULL) imeOptions=0x0 privateImeOptions=null actionName=UNSPECIFIED actionLabel=null actionId=0 initialSelStart=-1 initialSelEnd=-1 initialCapsMode=0x0 hintText=null label=null packageName=com.example.dogglers fieldId=0 fieldName=null extras=null}, false)
12-31 03:34:19.790  1417  1417 I GoogleInputMethodService: GoogleInputMethodService.shouldHideHeaderOnInitialState():4008 ShouldHideHeaderOnInitialState = false
12-31 03:34:19.792 25632 25632 V ActivityScenario: Activity lifecycle changed event received but ignored because the intent does not match. startActivityIntent=Intent { act=android.intent.action.MAIN cat=[android.intent.category.LAUNCHER] cmp=com.example.dogglers/.VerticalListActivity }, activity.getIntent()=Intent { act=android.intent.action.MAIN cat=[android.intent.category.LAUNCHER] flg=0x10008000 cmp=com.example.dogglers/androidx.test.core.app.InstrumentationActivityInvoker$BootstrapActivity (has extras) }, activity=androidx.test.core.app.InstrumentationActivityInvoker$BootstrapActivity@9c37808
12-31 03:34:19.795  1417  1417 I GoogleInputMethodService: GoogleInputMethodService.updateDeviceLockedStatus():2087 repeatCheckTimes = 2, unlocked = true
12-31 03:34:19.800 25632 25632 D LifecycleMonitor: Lifecycle status change: androidx.test.core.app.InstrumentationActivityInvoker$EmptyActivity@1d8a017 in: PRE_ON_CREATE
12-31 03:34:19.800 25632 25632 V ActivityScenario: Activity lifecycle changed event received but ignored because the intent does not match. startActivityIntent=Intent { act=android.intent.action.MAIN cat=[android.intent.category.LAUNCHER] cmp=com.example.dogglers/.VerticalListActivity }, activity.getIntent()=Intent { act=android.intent.action.MAIN cat=[android.intent.category.LAUNCHER] flg=0x10000000 cmp=com.example.dogglers/androidx.test.core.app.InstrumentationActivityInvoker$EmptyActivity }, activity=androidx.test.core.app.InstrumentationActivityInvoker$EmptyActivity@1d8a017
12-31 03:34:19.829 25632 25632 D LifecycleMonitor: Lifecycle status change: androidx.test.core.app.InstrumentationActivityInvoker$EmptyActivity@1d8a017 in: CREATED
12-31 03:34:19.830 25632 25632 V ActivityScenario: Activity lifecycle changed event received but ignored because the intent does not match. startActivityIntent=Intent { act=android.intent.action.MAIN cat=[android.intent.category.LAUNCHER] cmp=com.example.dogglers/.VerticalListActivity }, activity.getIntent()=Intent { act=android.intent.action.MAIN cat=[android.intent.category.LAUNCHER] flg=0x10000000 cmp=com.example.dogglers/androidx.test.core.app.InstrumentationActivityInvoker$EmptyActivity }, activity=androidx.test.core.app.InstrumentationActivityInvoker$EmptyActivity@1d8a017
12-31 03:34:19.832 25632 25632 D LifecycleMonitor: Lifecycle status change: androidx.test.core.app.InstrumentationActivityInvoker$EmptyActivity@1d8a017 in: STARTED
12-31 03:34:19.832 25632 25632 V ActivityScenario: Activity lifecycle changed event received but ignored because the intent does not match. startActivityIntent=Intent { act=android.intent.action.MAIN cat=[android.intent.category.LAUNCHER] cmp=com.example.dogglers/.VerticalListActivity }, activity.getIntent()=Intent { act=android.intent.action.MAIN cat=[android.intent.category.LAUNCHER] flg=0x10000000 cmp=com.example.dogglers/androidx.test.core.app.InstrumentationActivityInvoker$EmptyActivity }, activity=androidx.test.core.app.InstrumentationActivityInvoker$EmptyActivity@1d8a017
12-31 03:34:19.837 25632 25632 D LifecycleMonitor: Lifecycle status change: androidx.test.core.app.InstrumentationActivityInvoker$EmptyActivity@1d8a017 in: RESUMED
12-31 03:34:19.838 25632 25632 V ActivityScenario: Activity lifecycle changed event received but ignored because the intent does not match. startActivityIntent=Intent { act=android.intent.action.MAIN cat=[android.intent.category.LAUNCHER] cmp=com.example.dogglers/.VerticalListActivity }, activity.getIntent()=Intent { act=android.intent.action.MAIN cat=[android.intent.category.LAUNCHER] flg=0x10000000 cmp=com.example.dogglers/androidx.test.core.app.InstrumentationActivityInvoker$EmptyActivity }, activity=androidx.test.core.app.InstrumentationActivityInvoker$EmptyActivity@1d8a017
12-31 03:34:19.929 25632 25655 E OpenGLRenderer: Unable to match the desired swap behavior.
12-31 03:34:19.991   597   627 I ActivityTaskManager: Displayed com.example.dogglers/androidx.test.core.app.InstrumentationActivityInvoker$EmptyActivity for user 0: +314ms
12-31 03:34:20.026   597  2261 I ImeTracker: com.example.dogglers:7d59dd68: onRequestHide at ORIGIN_SERVER_HIDE_INPUT reason HIDE_UNSPECIFIED_WINDOW
12-31 03:34:20.026   597  2261 I ImeTracker: com.example.dogglers:7d59dd68: onCancelled at PHASE_SERVER_SHOULD_HIDE
12-31 03:34:20.048  1417  1417 I GoogleInputMethodService: GoogleInputMethodService.onFinishInput():3227
12-31 03:34:20.059  1417  1417 I GoogleInputMethodService: GoogleInputMethodService.updateDeviceLockedStatus():2087 repeatCheckTimes = 0, unlocked = true
12-31 03:34:20.059  1417  1417 I GoogleInputMethodService: GoogleInputMethodService.onStartInput():1877 onStartInput(EditorInfo{inputType=0x0(NULL) imeOptions=0x0 privateImeOptions=null actionName=UNSPECIFIED actionLabel=null actionId=0 initialSelStart=-1 initialSelEnd=-1 initialCapsMode=0x0 hintText=null label=null packageName=com.example.dogglers fieldId=0 fieldName=null extras=null}, false)
12-31 03:34:20.059  1417  1417 I GoogleInputMethodService: GoogleInputMethodService.shouldHideHeaderOnInitialState():4008 ShouldHideHeaderOnInitialState = false
12-31 03:34:20.060  1417  1417 I GoogleInputMethodService: GoogleInputMethodService.updateDeviceLockedStatus():2087 repeatCheckTimes = 2, unlocked = true
12-31 03:34:20.092 25632 25632 D LifecycleMonitor: Lifecycle status change: androidx.test.core.app.InstrumentationActivityInvoker$EmptyActivity@a05ef28 in: STOPPED
12-31 03:34:20.093 25632 25632 V ActivityScenario: Activity lifecycle changed event received but ignored because the intent does not match. startActivityIntent=Intent { act=android.intent.action.MAIN cat=[android.intent.category.LAUNCHER] cmp=com.example.dogglers/.VerticalListActivity }, activity.getIntent()=Intent { act=android.intent.action.MAIN cat=[android.intent.category.LAUNCHER] flg=0x10000000 cmp=com.example.dogglers/androidx.test.core.app.InstrumentationActivityInvoker$EmptyActivity }, activity=androidx.test.core.app.InstrumentationActivityInvoker$EmptyActivity@a05ef28
12-31 03:34:20.125 25632 25632 D LifecycleMonitor: Lifecycle status change: androidx.test.core.app.InstrumentationActivityInvoker$EmptyActivity@a05ef28 in: DESTROYED
12-31 03:34:20.126 25632 25632 V ActivityScenario: Activity lifecycle changed event received but ignored because the intent does not match. startActivityIntent=Intent { act=android.intent.action.MAIN cat=[android.intent.category.LAUNCHER] cmp=com.example.dogglers/.VerticalListActivity }, activity.getIntent()=Intent { act=android.intent.action.MAIN cat=[android.intent.category.LAUNCHER] flg=0x10000000 cmp=com.example.dogglers/androidx.test.core.app.InstrumentationActivityInvoker$EmptyActivity }, activity=androidx.test.core.app.InstrumentationActivityInvoker$EmptyActivity@a05ef28
12-31 03:34:20.126 25632 25632 W WindowOnBackDispatcher: sendCancelIfRunning: isInProgress=falsecallback=android.view.ViewRootImpl$$ExternalSyntheticLambda17@89d06c3
12-31 03:34:20.130   597  2049 W InputManager-JNI: Input channel object 'c4b375f com.example.dogglers/androidx.test.core.app.InstrumentationActivityInvoker$EmptyActivity (client)' was disposed without first being removed with the input manager!
12-31 03:34:20.152   423   423 I BpBinder: onLastStrongRef automatically unlinking death recipients:
12-31 03:34:20.157 25632 25632 D LifecycleMonitor: Lifecycle status change: androidx.test.core.app.InstrumentationActivityInvoker$EmptyActivity@1d8a017 in: PAUSED
12-31 03:34:20.157 25632 25632 V ActivityScenario: Activity lifecycle changed event received but ignored because the intent does not match. startActivityIntent=Intent { act=android.intent.action.MAIN cat=[android.intent.category.LAUNCHER] cmp=com.example.dogglers/.VerticalListActivity }, activity.getIntent()=Intent { act=android.intent.action.MAIN cat=[android.intent.category.LAUNCHER] flg=0x10000000 cmp=com.example.dogglers/androidx.test.core.app.InstrumentationActivityInvoker$EmptyActivity }, activity=androidx.test.core.app.InstrumentationActivityInvoker$EmptyActivity@1d8a017
12-31 03:34:20.190   597  1677 W AppSearchIcing: icing-search-engine.cc:283: Error: 5, Message: Document (com.google.android.googlequicksearchbox$OneSearchZeroStateGoogleSuggestions/default, zp) not found.
12-31 03:34:20.192  1137  2056 D OneSearchSuggestProvider: Created the binder channel successfully for end point service =com.google.android.apps.search.googleapp.search.suggest.plugins.onesearch.server.OneSearchSuggestService , mChannel=z1{delegate=s1{logId=873, target=directaddress:///AndroidComponentAddress%5BIntent%20%7B%20act=grpc.io.action.BIND%20cmp=com.google.android.googlequicksearchbox/com.google.android.apps.search.googleapp.search.suggest.plugins.onesearch.server.OneSearchSuggestService%20%7D%5D}} , mOneSearchConnection=X1.T@e0f2398
12-31 03:34:20.193 21708 21758 D BtGatt.ScanManager: uid 10128 isForeground true scanMode -1
12-31 03:34:20.193 21708 21758 D BtGatt.ScanManager: uid 10128 isForeground true scanMode 1
12-31 03:34:20.193 21708 21758 D BtGatt.ScanManager: uid 10128 isForeground true scanMode -1
12-31 03:34:20.198  1137  1137 D AutofillManager: view is not autofillable - activity denied for autofill
12-31 03:34:20.261  1875  2805 E OpenGLRenderer: Unable to match the desired swap behavior.
12-31 03:34:20.268  1137  1863 E OpenGLRenderer: Unable to match the desired swap behavior.
12-31 03:34:20.324 25632 25653 I TestRunner: finished: vertical_scroll_content_at_first_position(com.example.dogglers.VerticalListTests)
